Change Component Designator: Old Designator=C? New Designator=C1
Change Component Designator: Old Designator=C? New Designator=C2
Change Component Designator: Old Designator=C? New Designator=C3
Change Component Designator: Old Designator=C? New Designator=C4
Change Component Designator: Old Designator=D? New Designator=D1
Change Component Designator: Old Designator=DD? New Designator=DD1
Change Component Designator: Old Designator=DD? New Designator=DD2
Change Component Designator: Old Designator=DD? New Designator=DD3
Change Component Designator: Old Designator=F? New Designator=F1
Change Component Designator: Old Designator=GB? New Designator=GB1
Change Component Designator: Old Designator=M? New Designator=M1
Change Component Designator: Old Designator=R? New Designator=R1
Change Component Designator: Old Designator=R? New Designator=R2
Change Component Designator: Old Designator=R? New Designator=R3
Change Component Designator: Old Designator=R? New Designator=R4
Change Component Designator: Old Designator=R? New Designator=R5
Change Component Designator: Old Designator=S? New Designator=S1
Change Component Designator: Old Designator=S? New Designator=S2
Change Component Designator: Old Designator=VT? New Designator=VT1
Change Component Designator: Old Designator=XP? New Designator=XP1
Change Component Designator: Old Designator=XP? New Designator=XP2
Change Component Designator: Old Designator=XP? New Designator=XP3
Change Component Designator: Old Designator=XP? New Designator=XP4
Change Component Designator: Old Designator=XP? New Designator=XP5
Change Component Designator: Old Designator=Ñ? New Designator=Ñ1
Change Component Designator: Old Designator=Ñ? New Designator=Ñ2
Change Component Designator: Old Designator=Ñ? New Designator=Ñ3
Change Component Designator: Old Designator=Ñ? New Designator=Ñ4
Change Component Designator: Old Designator=Ñ? New Designator=Ñ5
Change Component Designator: Old Designator=Ñ? New Designator=Ñ6
Change Component Designator: Old Designator=Ñ? New Designator=Ñ7
Change Component Designator: Old Designator=Ñ? New Designator=Ñ8
Change Component Designator: Old Designator=Ñ? New Designator=Ñ9
Change Component Designator: Old Designator=Ñ? New Designator=Ñ10
Change Component Designator: Old Designator=Ñ? New Designator=Ñ11
Change Component Designator: Old Designator=Ñ? New Designator=Ñ12
Change Component Designator: Old Designator=Ñ? New Designator=Ñ13
Change Component Designator: Old Designator=Ñ? New Designator=Ñ14
Change Component Designator: Old Designator=Ñ? New Designator=Ñ15
