Change Component Designator: Old Designator=C1 New Designator=C?
Change Component Designator: Old Designator=C3 New Designator=C?
Change Component Designator: Old Designator=C3 New Designator=C?
Change Component Designator: Old Designator=C4 New Designator=C?
Change Component Designator: Old Designator=C8 New Designator=C?
Change Component Designator: Old Designator=D1 New Designator=D?
Change Component Designator: Old Designator=DD1 New Designator=DD?
Change Component Designator: Old Designator=DD2 New Designator=DD?
Change Component Designator: Old Designator=DD3 New Designator=DD?
Change Component Designator: Old Designator=F1 New Designator=F?
Change Component Designator: Old Designator=GB1 New Designator=GB?
Change Component Designator: Old Designator=M1 New Designator=M?
Change Component Designator: Old Designator=R1 New Designator=R?
Change Component Designator: Old Designator=R2 New Designator=R?
Change Component Designator: Old Designator=R3 New Designator=R?
Change Component Designator: Old Designator=R4 New Designator=R?
Change Component Designator: Old Designator=R5 New Designator=R?
Change Component Designator: Old Designator=S1 New Designator=S?
Change Component Designator: Old Designator=S2 New Designator=S?
Change Component Designator: Old Designator=VT1 New Designator=VT?
Change Component Designator: Old Designator=XP1 New Designator=XP?
Change Component Designator: Old Designator=XP2 New Designator=XP?
Change Component Designator: Old Designator=XP3 New Designator=XP?
Change Component Designator: Old Designator=XP4 New Designator=XP?
Change Component Designator: Old Designator=XP5 New Designator=XP?
Change Component Designator: Old Designator=Ñ1 New Designator=Ñ?
Change Component Designator: Old Designator=Ñ2 New Designator=Ñ?
Change Component Designator: Old Designator=Ñ3 New Designator=Ñ?
Change Component Designator: Old Designator=Ñ4 New Designator=Ñ?
Change Component Designator: Old Designator=Ñ5 New Designator=Ñ?
Change Component Designator: Old Designator=Ñ6 New Designator=Ñ?
Change Component Designator: Old Designator=Ñ7 New Designator=Ñ?
Change Component Designator: Old Designator=Ñ9 New Designator=Ñ?
Change Component Designator: Old Designator=Ñ10 New Designator=Ñ?
Change Component Designator: Old Designator=Ñ11 New Designator=Ñ?
Change Component Designator: Old Designator=Ñ12 New Designator=Ñ?
Change Component Designator: Old Designator=Ñ13 New Designator=Ñ?
Change Component Designator: Old Designator=Ñ14 New Designator=Ñ?
Change Component Designator: Old Designator=Ñ15 New Designator=Ñ?
