Change Component Designator: Old Designator=DD? New Designator=DD1
Change Component Designator: Old Designator=DD? New Designator=DD2
Change Component Designator: Old Designator=DD? New Designator=DD3
Change Component Designator: Old Designator=GB? New Designator=GB1
Change Component Designator: Old Designator=M? New Designator=M1
Change Component Designator: Old Designator=R? New Designator=R10
Change Component Designator: Old Designator=R? New Designator=R11
Change Component Designator: Old Designator=R? New Designator=R12
Change Component Designator: Old Designator=S? New Designator=S1
Change Component Designator: Old Designator=S? New Designator=S2
Change Component Designator: Old Designator=XP? New Designator=XP1
Change Component Designator: Old Designator=XP? New Designator=XP2
Change Component Designator: Old Designator=XP? New Designator=XP3
Change Component Designator: Old Designator=XP? New Designator=XP4
Change Component Designator: Old Designator=XP? New Designator=XP5
Change Component Designator: Old Designator=Ñ? New Designator=Ñ2
Change Component Designator: Old Designator=Ñ? New Designator=Ñ3
Change Component Designator: Old Designator=Ñ? New Designator=Ñ4
Change Component Designator: Old Designator=Ñ? New Designator=Ñ5
Change Component Designator: Old Designator=Ñ? New Designator=Ñ6
Change Component Designator: Old Designator=Ñ? New Designator=Ñ7
Change Component Designator: Old Designator=Ñ? New Designator=Ñ8
Change Component Designator: Old Designator=Ñ? New Designator=Ñ9
