Reset Component Physical Designator: Old Designator=C1_A_U1 New Designator=C1_A_U1
Reset Component Physical Designator: Old Designator=C1_A_U2 New Designator=C1_A_U2
Reset Component Physical Designator: Old Designator=C1_U1 New Designator=C1_U1
Reset Component Physical Designator: Old Designator=C1_U2 New Designator=C1_U2
Reset Component Physical Designator: Old Designator=C2_U1 New Designator=C2_U1
Reset Component Physical Designator: Old Designator=C2_U2 New Designator=C2_U2
Reset Component Physical Designator: Old Designator=C2A_U1 New Designator=C2A_U1
Reset Component Physical Designator: Old Designator=C2A_U2 New Designator=C2A_U2
Reset Component Physical Designator: Old Designator=C3_U1 New Designator=C3_U1
Reset Component Physical Designator: Old Designator=C3_U2 New Designator=C3_U2
Reset Component Physical Designator: Old Designator=C4_U1 New Designator=C4_U1
Reset Component Physical Designator: Old Designator=C4_U2 New Designator=C4_U2
Reset Component Physical Designator: Old Designator=C5_U1 New Designator=C5_U1
Reset Component Physical Designator: Old Designator=C5_U2 New Designator=C5_U2
Reset Component Physical Designator: Old Designator=C8_U1 New Designator=C6_U1
Reset Component Physical Designator: Old Designator=C8_U1 New Designator=C8_U1
Reset Component Physical Designator: Old Designator=C8_U2 New Designator=C6_U2
Reset Component Physical Designator: Old Designator=C8_U2 New Designator=C8_U2
Reset Component Physical Designator: Old Designator=L1_U1 New Designator=L1_U1
Reset Component Physical Designator: Old Designator=L1_U2 New Designator=L1_U2
Reset Component Physical Designator: Old Designator=R1_U1 New Designator=R1_U1
Reset Component Physical Designator: Old Designator=R1_U2 New Designator=R1_U2
Reset Component Physical Designator: Old Designator=R2_U1 New Designator=R2_U1
Reset Component Physical Designator: Old Designator=R2_U2 New Designator=R2_U2
Reset Component Physical Designator: Old Designator=R3_U1 New Designator=R3_U1
Reset Component Physical Designator: Old Designator=R3_U2 New Designator=R3_U2
Reset Component Physical Designator: Old Designator=R4_U1 New Designator=R4_U1
Reset Component Physical Designator: Old Designator=R4_U2 New Designator=R4_U2
Reset Component Physical Designator: Old Designator=R5_U1 New Designator=R5_U1
Reset Component Physical Designator: Old Designator=R5_U2 New Designator=R5_U2
Reset Component Physical Designator: Old Designator=R6_U1 New Designator=R6_U1
Reset Component Physical Designator: Old Designator=R6_U2 New Designator=R6_U2
Reset Component Physical Designator: Old Designator=R7_U1 New Designator=R7_U1
Reset Component Physical Designator: Old Designator=R7_U2 New Designator=R7_U2
Reset Component Physical Designator: Old Designator=R8_U1 New Designator=R8_U1
Reset Component Physical Designator: Old Designator=R8_U2 New Designator=R8_U2
Reset Component Physical Designator: Old Designator=R9_U1 New Designator=R9_U1
Reset Component Physical Designator: Old Designator=R9_U2 New Designator=R9_U2
Reset Component Physical Designator: Old Designator=U?_U1 New Designator=U?_U1
Reset Component Physical Designator: Old Designator=U?_U2 New Designator=U?_U2
