Change Component Comment : Designator=R2_U2 Old Comment=7.5k New Comment=12.7k
Change Component Comment : Designator=R9_U2 Old Comment=20k New Comment=33k
Change Component Comment : Designator=R4_U2 Old Comment=75k New Comment=64.9k
Change Component Designator: OldDesignator=C1A_U1 NewDesignator=C1_A_U1
Change Component Designator: OldDesignator=C1A_U2 NewDesignator=C1_A_U2
Change Component Designator: OldDesignator=U1 NewDesignator=U?_U2
Change Component Designator: OldDesignator=U1_U1 NewDesignator=U?_U1
Added Component: Designator=C1(CAPC2012X145N)
Add component (AddParameter): Name = "Arrow Part Number"; Value = "CL21A106KAYNNNE"; VariantName = "[No Variations]"
Add component (AddParameter): Name = "Arrow Price/Stock"; Value = "https://www.arrow.com/en/products/cl21a106kaynnne/samsung-electro-mechanics?utm_currency=USD&region=nac"; VariantName = "[No Variations]"
Add component (AddParameter): Name = "Datasheet Link"; Value = "https://datasheet.datasheetarchive.com/originals/distributors/Datasheets_SAMA/6a45835c9b7400e9b49c55c38a8ff4a2.pdf"; VariantName = "[No Variations]"
Add component (AddParameter): Name = "Height"; Value = "1.45mm"; VariantName = "[No Variations]"
Add component (AddParameter): Name = "Manufacturer_Name"; Value = "SAMSUNG"; VariantName = "[No Variations]"
Add component (AddParameter): Name = "Manufacturer_Part_Number"; Value = "CL21A106KAYNNNE"; VariantName = "[No Variations]"
Add component (AddParameter): Name = "Mouser Part Number"; Value = "187-CL21A106KAYNNNE"; VariantName = "[No Variations]"
Add component (AddParameter): Name = "Mouser Price/Stock"; Value = "https://www.mouser.co.uk/ProductDetail/Samsung-Electro-Mechanics/CL21A106KAYNNNE?qs=yOVawPpwOwmTXAd4dJtNjA%3D%3D"; VariantName = "[No Variations]"
Added Component: Designator=C2(CAPC2012X145N)
Add component (AddParameter): Name = "Arrow Part Number"; Value = "CL21A106KAYNNNE"; VariantName = "[No Variations]"
Add component (AddParameter): Name = "Arrow Price/Stock"; Value = "https://www.arrow.com/en/products/cl21a106kaynnne/samsung-electro-mechanics?utm_currency=USD&region=nac"; VariantName = "[No Variations]"
Add component (AddParameter): Name = "Datasheet Link"; Value = "https://datasheet.datasheetarchive.com/originals/distributors/Datasheets_SAMA/6a45835c9b7400e9b49c55c38a8ff4a2.pdf"; VariantName = "[No Variations]"
Add component (AddParameter): Name = "Height"; Value = "1.45mm"; VariantName = "[No Variations]"
Add component (AddParameter): Name = "Manufacturer_Name"; Value = "SAMSUNG"; VariantName = "[No Variations]"
Add component (AddParameter): Name = "Manufacturer_Part_Number"; Value = "CL21A106KAYNNNE"; VariantName = "[No Variations]"
Add component (AddParameter): Name = "Mouser Part Number"; Value = "187-CL21A106KAYNNNE"; VariantName = "[No Variations]"
Add component (AddParameter): Name = "Mouser Price/Stock"; Value = "https://www.mouser.co.uk/ProductDetail/Samsung-Electro-Mechanics/CL21A106KAYNNNE?qs=yOVawPpwOwmTXAd4dJtNjA%3D%3D"; VariantName = "[No Variations]"
Added Component: Designator=C3(CAPC2012X145N)
Add component (AddParameter): Name = "Arrow Part Number"; Value = "CL21A106KAYNNNE"; VariantName = "[No Variations]"
Add component (AddParameter): Name = "Arrow Price/Stock"; Value = "https://www.arrow.com/en/products/cl21a106kaynnne/samsung-electro-mechanics?utm_currency=USD&region=nac"; VariantName = "[No Variations]"
Add component (AddParameter): Name = "Datasheet Link"; Value = "https://datasheet.datasheetarchive.com/originals/distributors/Datasheets_SAMA/6a45835c9b7400e9b49c55c38a8ff4a2.pdf"; VariantName = "[No Variations]"
Add component (AddParameter): Name = "Height"; Value = "1.45mm"; VariantName = "[No Variations]"
Add component (AddParameter): Name = "Manufacturer_Name"; Value = "SAMSUNG"; VariantName = "[No Variations]"
Add component (AddParameter): Name = "Manufacturer_Part_Number"; Value = "CL21A106KAYNNNE"; VariantName = "[No Variations]"
Add component (AddParameter): Name = "Mouser Part Number"; Value = "187-CL21A106KAYNNNE"; VariantName = "[No Variations]"
Add component (AddParameter): Name = "Mouser Price/Stock"; Value = "https://www.mouser.co.uk/ProductDetail/Samsung-Electro-Mechanics/CL21A106KAYNNNE?qs=yOVawPpwOwmTXAd4dJtNjA%3D%3D"; VariantName = "[No Variations]"
Added Component: Designator=C4(CAPC2012X145N)
Add component (AddParameter): Name = "Arrow Part Number"; Value = "CL21A106KAYNNNE"; VariantName = "[No Variations]"
Add component (AddParameter): Name = "Arrow Price/Stock"; Value = "https://www.arrow.com/en/products/cl21a106kaynnne/samsung-electro-mechanics?utm_currency=USD&region=nac"; VariantName = "[No Variations]"
Add component (AddParameter): Name = "Datasheet Link"; Value = "https://datasheet.datasheetarchive.com/originals/distributors/Datasheets_SAMA/6a45835c9b7400e9b49c55c38a8ff4a2.pdf"; VariantName = "[No Variations]"
Add component (AddParameter): Name = "Height"; Value = "1.45mm"; VariantName = "[No Variations]"
Add component (AddParameter): Name = "Manufacturer_Name"; Value = "SAMSUNG"; VariantName = "[No Variations]"
Add component (AddParameter): Name = "Manufacturer_Part_Number"; Value = "CL21A106KAYNNNE"; VariantName = "[No Variations]"
Add component (AddParameter): Name = "Mouser Part Number"; Value = "187-CL21A106KAYNNNE"; VariantName = "[No Variations]"
Add component (AddParameter): Name = "Mouser Price/Stock"; Value = "https://www.mouser.co.uk/ProductDetail/Samsung-Electro-Mechanics/CL21A106KAYNNNE?qs=yOVawPpwOwmTXAd4dJtNjA%3D%3D"; VariantName = "[No Variations]"
Added Component: Designator=C5(CAPC2012X145N)
Add component (AddParameter): Name = "Arrow Part Number"; Value = "CL21A106KAYNNNE"; VariantName = "[No Variations]"
Add component (AddParameter): Name = "Arrow Price/Stock"; Value = "https://www.arrow.com/en/products/cl21a106kaynnne/samsung-electro-mechanics?utm_currency=USD&region=nac"; VariantName = "[No Variations]"
Add component (AddParameter): Name = "Datasheet Link"; Value = "https://datasheet.datasheetarchive.com/originals/distributors/Datasheets_SAMA/6a45835c9b7400e9b49c55c38a8ff4a2.pdf"; VariantName = "[No Variations]"
Add component (AddParameter): Name = "Height"; Value = "1.45mm"; VariantName = "[No Variations]"
Add component (AddParameter): Name = "Manufacturer_Name"; Value = "SAMSUNG"; VariantName = "[No Variations]"
Add component (AddParameter): Name = "Manufacturer_Part_Number"; Value = "CL21A106KAYNNNE"; VariantName = "[No Variations]"
Add component (AddParameter): Name = "Mouser Part Number"; Value = "187-CL21A106KAYNNNE"; VariantName = "[No Variations]"
Add component (AddParameter): Name = "Mouser Price/Stock"; Value = "https://www.mouser.co.uk/ProductDetail/Samsung-Electro-Mechanics/CL21A106KAYNNNE?qs=yOVawPpwOwmTXAd4dJtNjA%3D%3D"; VariantName = "[No Variations]"
Added Component: Designator=C6(CAPC2012X145N)
Add component (AddParameter): Name = "Arrow Part Number"; Value = "CL21A106KAYNNNE"; VariantName = "[No Variations]"
Add component (AddParameter): Name = "Arrow Price/Stock"; Value = "https://www.arrow.com/en/products/cl21a106kaynnne/samsung-electro-mechanics?utm_currency=USD&region=nac"; VariantName = "[No Variations]"
Add component (AddParameter): Name = "Datasheet Link"; Value = "https://datasheet.datasheetarchive.com/originals/distributors/Datasheets_SAMA/6a45835c9b7400e9b49c55c38a8ff4a2.pdf"; VariantName = "[No Variations]"
Add component (AddParameter): Name = "Height"; Value = "1.45mm"; VariantName = "[No Variations]"
Add component (AddParameter): Name = "Manufacturer_Name"; Value = "SAMSUNG"; VariantName = "[No Variations]"
Add component (AddParameter): Name = "Manufacturer_Part_Number"; Value = "CL21A106KAYNNNE"; VariantName = "[No Variations]"
Add component (AddParameter): Name = "Mouser Part Number"; Value = "187-CL21A106KAYNNNE"; VariantName = "[No Variations]"
Add component (AddParameter): Name = "Mouser Price/Stock"; Value = "https://www.mouser.co.uk/ProductDetail/Samsung-Electro-Mechanics/CL21A106KAYNNNE?qs=yOVawPpwOwmTXAd4dJtNjA%3D%3D"; VariantName = "[No Variations]"
Added Component: Designator=C8(T491C)
Add component (AddParameter): Name = "Arrow Part Number"; Value = ""; VariantName = "[No Variations]"
Add component (AddParameter): Name = "Arrow Price/Stock"; Value = ""; VariantName = "[No Variations]"
Add component (AddParameter): Name = "Datasheet Link"; Value = "https://content.kemet.com/datasheets/KEM_T2005_T491.pdf"; VariantName = "[No Variations]"
Add component (AddParameter): Name = "Height"; Value = "2.8mm"; VariantName = "[No Variations]"
Add component (AddParameter): Name = "Manufacturer_Name"; Value = "YAGEO"; VariantName = "[No Variations]"
Add component (AddParameter): Name = "Manufacturer_Part_Number"; Value = "T491C107M016AT"; VariantName = "[No Variations]"
Add component (AddParameter): Name = "Mouser Part Number"; Value = "80-T491C107M016AT"; VariantName = "[No Variations]"
Add component (AddParameter): Name = "Mouser Price/Stock"; Value = "https://www.mouser.co.uk/ProductDetail/KEMET/T491C107M016AT?qs=W04EqCCJmmuOmj0nZmoJtg%3D%3D"; VariantName = "[No Variations]"
Added Component: Designator=C9(CAPC2012X145N)
Add component (AddParameter): Name = "Arrow Part Number"; Value = "CL21A106KAYNNNE"; VariantName = "[No Variations]"
Add component (AddParameter): Name = "Arrow Price/Stock"; Value = "https://www.arrow.com/en/products/cl21a106kaynnne/samsung-electro-mechanics?utm_currency=USD&region=nac"; VariantName = "[No Variations]"
Add component (AddParameter): Name = "Datasheet Link"; Value = "https://datasheet.datasheetarchive.com/originals/distributors/Datasheets_SAMA/6a45835c9b7400e9b49c55c38a8ff4a2.pdf"; VariantName = "[No Variations]"
Add component (AddParameter): Name = "Height"; Value = "1.45mm"; VariantName = "[No Variations]"
Add component (AddParameter): Name = "Manufacturer_Name"; Value = "SAMSUNG"; VariantName = "[No Variations]"
Add component (AddParameter): Name = "Manufacturer_Part_Number"; Value = "CL21A106KAYNNNE"; VariantName = "[No Variations]"
Add component (AddParameter): Name = "Mouser Part Number"; Value = "187-CL21A106KAYNNNE"; VariantName = "[No Variations]"
Add component (AddParameter): Name = "Mouser Price/Stock"; Value = "https://www.mouser.co.uk/ProductDetail/Samsung-Electro-Mechanics/CL21A106KAYNNNE?qs=yOVawPpwOwmTXAd4dJtNjA%3D%3D"; VariantName = "[No Variations]"
Added Component: Designator=C11(CAPC2012X145N)
Add component (AddParameter): Name = "Arrow Part Number"; Value = "CL21A106KAYNNNE"; VariantName = "[No Variations]"
Add component (AddParameter): Name = "Arrow Price/Stock"; Value = "https://www.arrow.com/en/products/cl21a106kaynnne/samsung-electro-mechanics?utm_currency=USD&region=nac"; VariantName = "[No Variations]"
Add component (AddParameter): Name = "Datasheet Link"; Value = "https://datasheet.datasheetarchive.com/originals/distributors/Datasheets_SAMA/6a45835c9b7400e9b49c55c38a8ff4a2.pdf"; VariantName = "[No Variations]"
Add component (AddParameter): Name = "Height"; Value = "1.45mm"; VariantName = "[No Variations]"
Add component (AddParameter): Name = "Manufacturer_Name"; Value = "SAMSUNG"; VariantName = "[No Variations]"
Add component (AddParameter): Name = "Manufacturer_Part_Number"; Value = "CL21A106KAYNNNE"; VariantName = "[No Variations]"
Add component (AddParameter): Name = "Mouser Part Number"; Value = "187-CL21A106KAYNNNE"; VariantName = "[No Variations]"
Add component (AddParameter): Name = "Mouser Price/Stock"; Value = "https://www.mouser.co.uk/ProductDetail/Samsung-Electro-Mechanics/CL21A106KAYNNNE?qs=yOVawPpwOwmTXAd4dJtNjA%3D%3D"; VariantName = "[No Variations]"
Added Component: Designator=C12(T491C)
Add component (AddParameter): Name = "Arrow Part Number"; Value = ""; VariantName = "[No Variations]"
Add component (AddParameter): Name = "Arrow Price/Stock"; Value = ""; VariantName = "[No Variations]"
Add component (AddParameter): Name = "Datasheet Link"; Value = "https://content.kemet.com/datasheets/KEM_T2005_T491.pdf"; VariantName = "[No Variations]"
Add component (AddParameter): Name = "Height"; Value = "2.8mm"; VariantName = "[No Variations]"
Add component (AddParameter): Name = "Manufacturer_Name"; Value = "YAGEO"; VariantName = "[No Variations]"
Add component (AddParameter): Name = "Manufacturer_Part_Number"; Value = "T491C107M016AT"; VariantName = "[No Variations]"
Add component (AddParameter): Name = "Mouser Part Number"; Value = "80-T491C107M016AT"; VariantName = "[No Variations]"
Add component (AddParameter): Name = "Mouser Price/Stock"; Value = "https://www.mouser.co.uk/ProductDetail/KEMET/T491C107M016AT?qs=W04EqCCJmmuOmj0nZmoJtg%3D%3D"; VariantName = "[No Variations]"
Added Component: Designator=C13(CAPC2012X145N)
Add component (AddParameter): Name = "Arrow Part Number"; Value = "CL21A106KAYNNNE"; VariantName = "[No Variations]"
Add component (AddParameter): Name = "Arrow Price/Stock"; Value = "https://www.arrow.com/en/products/cl21a106kaynnne/samsung-electro-mechanics?utm_currency=USD&region=nac"; VariantName = "[No Variations]"
Add component (AddParameter): Name = "Datasheet Link"; Value = "https://datasheet.datasheetarchive.com/originals/distributors/Datasheets_SAMA/6a45835c9b7400e9b49c55c38a8ff4a2.pdf"; VariantName = "[No Variations]"
Add component (AddParameter): Name = "Height"; Value = "1.45mm"; VariantName = "[No Variations]"
Add component (AddParameter): Name = "Manufacturer_Name"; Value = "SAMSUNG"; VariantName = "[No Variations]"
Add component (AddParameter): Name = "Manufacturer_Part_Number"; Value = "CL21A106KAYNNNE"; VariantName = "[No Variations]"
Add component (AddParameter): Name = "Mouser Part Number"; Value = "187-CL21A106KAYNNNE"; VariantName = "[No Variations]"
Add component (AddParameter): Name = "Mouser Price/Stock"; Value = "https://www.mouser.co.uk/ProductDetail/Samsung-Electro-Mechanics/CL21A106KAYNNNE?qs=yOVawPpwOwmTXAd4dJtNjA%3D%3D"; VariantName = "[No Variations]"
Added Component: Designator=C14(T491C)
Add component (AddParameter): Name = "Arrow Part Number"; Value = ""; VariantName = "[No Variations]"
Add component (AddParameter): Name = "Arrow Price/Stock"; Value = ""; VariantName = "[No Variations]"
Add component (AddParameter): Name = "Datasheet Link"; Value = "https://content.kemet.com/datasheets/KEM_T2005_T491.pdf"; VariantName = "[No Variations]"
Add component (AddParameter): Name = "Height"; Value = "2.8mm"; VariantName = "[No Variations]"
Add component (AddParameter): Name = "Manufacturer_Name"; Value = "YAGEO"; VariantName = "[No Variations]"
Add component (AddParameter): Name = "Manufacturer_Part_Number"; Value = "T491C107M016AT"; VariantName = "[No Variations]"
Add component (AddParameter): Name = "Mouser Part Number"; Value = "80-T491C107M016AT"; VariantName = "[No Variations]"
Add component (AddParameter): Name = "Mouser Price/Stock"; Value = "https://www.mouser.co.uk/ProductDetail/KEMET/T491C107M016AT?qs=W04EqCCJmmuOmj0nZmoJtg%3D%3D"; VariantName = "[No Variations]"
Added Component: Designator=C19(EEEFK1V331P)
Add component (AddParameter): Name = "Arrow Part Number"; Value = "EEE-FK1E471P"; VariantName = "[No Variations]"
Add component (AddParameter): Name = "Arrow Price/Stock"; Value = "https://www.arrow.com/en/products/eee-fk1e471p/panasonic?utm_currency=USD&region=europe"; VariantName = "[No Variations]"
Add component (AddParameter): Name = "Datasheet Link"; Value = "http://industrial.panasonic.com/cdbs/www-data/pdf/RDE0000/ABA0000C1181.pdf"; VariantName = "[No Variations]"
Add component (AddParameter): Name = "Manufacturer_Name"; Value = "Panasonic"; VariantName = "[No Variations]"
Add component (AddParameter): Name = "Manufacturer_Part_Number"; Value = "EEE-FK1E471P"; VariantName = "[No Variations]"
Add component (AddParameter): Name = "Mouser Part Number"; Value = "667-EEE-FK1E471P"; VariantName = "[No Variations]"
Add component (AddParameter): Name = "Mouser Price/Stock"; Value = "https://www.mouser.co.uk/ProductDetail/Panasonic/EEE-FK1E471P?qs=qE6bgDGEOCvvsolWS4cebg%3D%3D"; VariantName = "[No Variations]"
Add component: Footprint Not Found SODFL5226X240N
Add component: Footprint Not Found SODFL5226X240N
Added Component: Designator=DD1(STM32F103C6T6)
Add component: Footprint Not Found ESP32C3_SUPER_MINI
Add component: Footprint Not Found DRV8871DDA
Added Component: Designator=F1(FUSC3116X70N)
Add component (AddParameter): Name = "Arrow Part Number"; Value = "SF-1206S500-2"; VariantName = "[No Variations]"
Add component (AddParameter): Name = "Arrow Price/Stock"; Value = "https://www.arrow.com/en/products/sf-1206s500-2/bourns?region=nac"; VariantName = "[No Variations]"
Add component (AddParameter): Name = "Datasheet Link"; Value = "https://componentsearchengine.com/Datasheets/2/SF-1206S500-2.pdf"; VariantName = "[No Variations]"
Add component (AddParameter): Name = "Height"; Value = "0.7mm"; VariantName = "[No Variations]"
Add component (AddParameter): Name = "Manufacturer_Name"; Value = "Bourns"; VariantName = "[No Variations]"
Add component (AddParameter): Name = "Manufacturer_Part_Number"; Value = "SF-1206S500-2"; VariantName = "[No Variations]"
Add component (AddParameter): Name = "Mouser Part Number"; Value = "652-SF-1206S500-2"; VariantName = "[No Variations]"
Add component (AddParameter): Name = "Mouser Price/Stock"; Value = "https://www.mouser.co.uk/ProductDetail/Bourns/SF-1206S500-2?qs=GIQXYiEeHGD%252By2V9Xr7ztw%3D%3D"; VariantName = "[No Variations]"
Added Component: Designator=R1(CAPC2012X145N)
Add component (AddParameter): Name = "Arrow Part Number"; Value = "CL21A106KAYNNNE"; VariantName = "[No Variations]"
Add component (AddParameter): Name = "Arrow Price/Stock"; Value = "https://www.arrow.com/en/products/cl21a106kaynnne/samsung-electro-mechanics?utm_currency=USD&region=nac"; VariantName = "[No Variations]"
Add component (AddParameter): Name = "Datasheet Link"; Value = "https://datasheet.datasheetarchive.com/originals/distributors/Datasheets_SAMA/6a45835c9b7400e9b49c55c38a8ff4a2.pdf"; VariantName = "[No Variations]"
Add component (AddParameter): Name = "Height"; Value = "1.45mm"; VariantName = "[No Variations]"
Add component (AddParameter): Name = "Manufacturer_Name"; Value = "SAMSUNG"; VariantName = "[No Variations]"
Add component (AddParameter): Name = "Manufacturer_Part_Number"; Value = "CL21A106KAYNNNE"; VariantName = "[No Variations]"
Add component (AddParameter): Name = "Mouser Part Number"; Value = "187-CL21A106KAYNNNE"; VariantName = "[No Variations]"
Add component (AddParameter): Name = "Mouser Price/Stock"; Value = "https://www.mouser.co.uk/ProductDetail/Samsung-Electro-Mechanics/CL21A106KAYNNNE?qs=yOVawPpwOwmTXAd4dJtNjA%3D%3D"; VariantName = "[No Variations]"
Added Component: Designator=R2(CAPC2012X145N)
Add component (AddParameter): Name = "Arrow Part Number"; Value = "CL21A106KAYNNNE"; VariantName = "[No Variations]"
Add component (AddParameter): Name = "Arrow Price/Stock"; Value = "https://www.arrow.com/en/products/cl21a106kaynnne/samsung-electro-mechanics?utm_currency=USD&region=nac"; VariantName = "[No Variations]"
Add component (AddParameter): Name = "Datasheet Link"; Value = "https://datasheet.datasheetarchive.com/originals/distributors/Datasheets_SAMA/6a45835c9b7400e9b49c55c38a8ff4a2.pdf"; VariantName = "[No Variations]"
Add component (AddParameter): Name = "Height"; Value = "1.45mm"; VariantName = "[No Variations]"
Add component (AddParameter): Name = "Manufacturer_Name"; Value = "SAMSUNG"; VariantName = "[No Variations]"
Add component (AddParameter): Name = "Manufacturer_Part_Number"; Value = "CL21A106KAYNNNE"; VariantName = "[No Variations]"
Add component (AddParameter): Name = "Mouser Part Number"; Value = "187-CL21A106KAYNNNE"; VariantName = "[No Variations]"
Add component (AddParameter): Name = "Mouser Price/Stock"; Value = "https://www.mouser.co.uk/ProductDetail/Samsung-Electro-Mechanics/CL21A106KAYNNNE?qs=yOVawPpwOwmTXAd4dJtNjA%3D%3D"; VariantName = "[No Variations]"
Added Component: Designator=R3(CAPC2012X145N)
Add component (AddParameter): Name = "Arrow Part Number"; Value = "CL21A106KAYNNNE"; VariantName = "[No Variations]"
Add component (AddParameter): Name = "Arrow Price/Stock"; Value = "https://www.arrow.com/en/products/cl21a106kaynnne/samsung-electro-mechanics?utm_currency=USD&region=nac"; VariantName = "[No Variations]"
Add component (AddParameter): Name = "Datasheet Link"; Value = "https://datasheet.datasheetarchive.com/originals/distributors/Datasheets_SAMA/6a45835c9b7400e9b49c55c38a8ff4a2.pdf"; VariantName = "[No Variations]"
Add component (AddParameter): Name = "Height"; Value = "1.45mm"; VariantName = "[No Variations]"
Add component (AddParameter): Name = "Manufacturer_Name"; Value = "SAMSUNG"; VariantName = "[No Variations]"
Add component (AddParameter): Name = "Manufacturer_Part_Number"; Value = "CL21A106KAYNNNE"; VariantName = "[No Variations]"
Add component (AddParameter): Name = "Mouser Part Number"; Value = "187-CL21A106KAYNNNE"; VariantName = "[No Variations]"
Add component (AddParameter): Name = "Mouser Price/Stock"; Value = "https://www.mouser.co.uk/ProductDetail/Samsung-Electro-Mechanics/CL21A106KAYNNNE?qs=yOVawPpwOwmTXAd4dJtNjA%3D%3D"; VariantName = "[No Variations]"
Added Component: Designator=R4(CAPC2012X145N)
Add component (AddParameter): Name = "Arrow Part Number"; Value = "CL21A106KAYNNNE"; VariantName = "[No Variations]"
Add component (AddParameter): Name = "Arrow Price/Stock"; Value = "https://www.arrow.com/en/products/cl21a106kaynnne/samsung-electro-mechanics?utm_currency=USD&region=nac"; VariantName = "[No Variations]"
Add component (AddParameter): Name = "Datasheet Link"; Value = "https://datasheet.datasheetarchive.com/originals/distributors/Datasheets_SAMA/6a45835c9b7400e9b49c55c38a8ff4a2.pdf"; VariantName = "[No Variations]"
Add component (AddParameter): Name = "Height"; Value = "1.45mm"; VariantName = "[No Variations]"
Add component (AddParameter): Name = "Manufacturer_Name"; Value = "SAMSUNG"; VariantName = "[No Variations]"
Add component (AddParameter): Name = "Manufacturer_Part_Number"; Value = "CL21A106KAYNNNE"; VariantName = "[No Variations]"
Add component (AddParameter): Name = "Mouser Part Number"; Value = "187-CL21A106KAYNNNE"; VariantName = "[No Variations]"
Add component (AddParameter): Name = "Mouser Price/Stock"; Value = "https://www.mouser.co.uk/ProductDetail/Samsung-Electro-Mechanics/CL21A106KAYNNNE?qs=yOVawPpwOwmTXAd4dJtNjA%3D%3D"; VariantName = "[No Variations]"
Added Component: Designator=R5(CAPC2012X145N)
Add component (AddParameter): Name = "Arrow Part Number"; Value = "CL21A106KAYNNNE"; VariantName = "[No Variations]"
Add component (AddParameter): Name = "Arrow Price/Stock"; Value = "https://www.arrow.com/en/products/cl21a106kaynnne/samsung-electro-mechanics?utm_currency=USD&region=nac"; VariantName = "[No Variations]"
Add component (AddParameter): Name = "Datasheet Link"; Value = "https://datasheet.datasheetarchive.com/originals/distributors/Datasheets_SAMA/6a45835c9b7400e9b49c55c38a8ff4a2.pdf"; VariantName = "[No Variations]"
Add component (AddParameter): Name = "Height"; Value = "1.45mm"; VariantName = "[No Variations]"
Add component (AddParameter): Name = "Manufacturer_Name"; Value = "SAMSUNG"; VariantName = "[No Variations]"
Add component (AddParameter): Name = "Manufacturer_Part_Number"; Value = "CL21A106KAYNNNE"; VariantName = "[No Variations]"
Add component (AddParameter): Name = "Mouser Part Number"; Value = "187-CL21A106KAYNNNE"; VariantName = "[No Variations]"
Add component (AddParameter): Name = "Mouser Price/Stock"; Value = "https://www.mouser.co.uk/ProductDetail/Samsung-Electro-Mechanics/CL21A106KAYNNNE?qs=yOVawPpwOwmTXAd4dJtNjA%3D%3D"; VariantName = "[No Variations]"
Added Component: Designator=VT1(SOT95P237X112-3N)
Add component (AddParameter): Name = "Arrow Part Number"; Value = ""; VariantName = "[No Variations]"
Add component (AddParameter): Name = "Arrow Price/Stock"; Value = ""; VariantName = "[No Variations]"
Add component (AddParameter): Name = "Datasheet Link"; Value = ""; VariantName = "[No Variations]"
Add component (AddParameter): Name = "Height"; Value = "1.12mm"; VariantName = "[No Variations]"
Add component (AddParameter): Name = "Manufacturer_Name"; Value = "UMW(Youtai Semiconductor Co."; VariantName = "[No Variations]"
Add component (AddParameter): Name = "Manufacturer_Part_Number"; Value = "IRLML6401"; VariantName = "[No Variations]"
Add component (AddParameter): Name = "Mouser Part Number"; Value = ""; VariantName = "[No Variations]"
Add component (AddParameter): Name = "Mouser Price/Stock"; Value = ""; VariantName = "[No Variations]"
Add component: Footprint Not Found ST-LINK
Add component: Footprint Not Found EXT_SENSOR
Add component: Footprint Not Found EXT_SENSOR_3pin
Add component: Footprint Not Found EXT_SENSOR
Add component: Footprint Not Found EXT_SENSOR_3pin
Added Component: Designator=Ñ7(CAPC2012X145N)
Add component (AddParameter): Name = "Arrow Part Number"; Value = "CL21A106KAYNNNE"; VariantName = "[No Variations]"
Add component (AddParameter): Name = "Arrow Price/Stock"; Value = "https://www.arrow.com/en/products/cl21a106kaynnne/samsung-electro-mechanics?utm_currency=USD&region=nac"; VariantName = "[No Variations]"
Add component (AddParameter): Name = "Datasheet Link"; Value = "https://datasheet.datasheetarchive.com/originals/distributors/Datasheets_SAMA/6a45835c9b7400e9b49c55c38a8ff4a2.pdf"; VariantName = "[No Variations]"
Add component (AddParameter): Name = "Height"; Value = "1.45mm"; VariantName = "[No Variations]"
Add component (AddParameter): Name = "Manufacturer_Name"; Value = "SAMSUNG"; VariantName = "[No Variations]"
Add component (AddParameter): Name = "Manufacturer_Part_Number"; Value = "CL21A106KAYNNNE"; VariantName = "[No Variations]"
Add component (AddParameter): Name = "Mouser Part Number"; Value = "187-CL21A106KAYNNNE"; VariantName = "[No Variations]"
Add component (AddParameter): Name = "Mouser Price/Stock"; Value = "https://www.mouser.co.uk/ProductDetail/Samsung-Electro-Mechanics/CL21A106KAYNNNE?qs=yOVawPpwOwmTXAd4dJtNjA%3D%3D"; VariantName = "[No Variations]"
Added Component: Designator=Ñ10(CAPC2012X145N)
Add component (AddParameter): Name = "Arrow Part Number"; Value = "CL21A106KAYNNNE"; VariantName = "[No Variations]"
Add component (AddParameter): Name = "Arrow Price/Stock"; Value = "https://www.arrow.com/en/products/cl21a106kaynnne/samsung-electro-mechanics?utm_currency=USD&region=nac"; VariantName = "[No Variations]"
Add component (AddParameter): Name = "Datasheet Link"; Value = "https://datasheet.datasheetarchive.com/originals/distributors/Datasheets_SAMA/6a45835c9b7400e9b49c55c38a8ff4a2.pdf"; VariantName = "[No Variations]"
Add component (AddParameter): Name = "Height"; Value = "1.45mm"; VariantName = "[No Variations]"
Add component (AddParameter): Name = "Manufacturer_Name"; Value = "SAMSUNG"; VariantName = "[No Variations]"
Add component (AddParameter): Name = "Manufacturer_Part_Number"; Value = "CL21A106KAYNNNE"; VariantName = "[No Variations]"
Add component (AddParameter): Name = "Mouser Part Number"; Value = "187-CL21A106KAYNNNE"; VariantName = "[No Variations]"
Add component (AddParameter): Name = "Mouser Price/Stock"; Value = "https://www.mouser.co.uk/ProductDetail/Samsung-Electro-Mechanics/CL21A106KAYNNNE?qs=yOVawPpwOwmTXAd4dJtNjA%3D%3D"; VariantName = "[No Variations]"
Added Component: Designator=Ñ15(EEE0JA331XP)
Add component (AddParameter): Name = "Arrow Part Number"; Value = "EEE-FK1E101XP"; VariantName = "[No Variations]"
Add component (AddParameter): Name = "Arrow Price/Stock"; Value = "https://www.arrow.com/en/products/eee-fk1e101xp/panasonic?region=nac"; VariantName = "[No Variations]"
Add component (AddParameter): Name = "Datasheet Link"; Value = "http://industrial.panasonic.com/cdbs/www-data/pdf/RDE0000/ABA0000C1181.pdf"; VariantName = "[No Variations]"
Add component (AddParameter): Name = "Height"; Value = "7.8mm"; VariantName = "[No Variations]"
Add component (AddParameter): Name = "Manufacturer_Name"; Value = "Panasonic"; VariantName = "[No Variations]"
Add component (AddParameter): Name = "Manufacturer_Part_Number"; Value = "EEE-FK1E101XP"; VariantName = "[No Variations]"
Add component (AddParameter): Name = "Mouser Part Number"; Value = "667-EEE-FK1E101XP"; VariantName = "[No Variations]"
Add component (AddParameter): Name = "Mouser Price/Stock"; Value = "https://www.mouser.co.uk/ProductDetail/Panasonic/EEE-FK1E101XP?qs=qE6bgDGEOCsW6NVslB4juQ%3D%3D"; VariantName = "[No Variations]"
Added Component: Designator=Ñ16(CAPC2012X145N)
Add component (AddParameter): Name = "Arrow Part Number"; Value = "CL21A106KAYNNNE"; VariantName = "[No Variations]"
Add component (AddParameter): Name = "Arrow Price/Stock"; Value = "https://www.arrow.com/en/products/cl21a106kaynnne/samsung-electro-mechanics?utm_currency=USD&region=nac"; VariantName = "[No Variations]"
Add component (AddParameter): Name = "Datasheet Link"; Value = "https://datasheet.datasheetarchive.com/originals/distributors/Datasheets_SAMA/6a45835c9b7400e9b49c55c38a8ff4a2.pdf"; VariantName = "[No Variations]"
Add component (AddParameter): Name = "Height"; Value = "1.45mm"; VariantName = "[No Variations]"
Add component (AddParameter): Name = "Manufacturer_Name"; Value = "SAMSUNG"; VariantName = "[No Variations]"
Add component (AddParameter): Name = "Manufacturer_Part_Number"; Value = "CL21A106KAYNNNE"; VariantName = "[No Variations]"
Add component (AddParameter): Name = "Mouser Part Number"; Value = "187-CL21A106KAYNNNE"; VariantName = "[No Variations]"
Add component (AddParameter): Name = "Mouser Price/Stock"; Value = "https://www.mouser.co.uk/ProductDetail/Samsung-Electro-Mechanics/CL21A106KAYNNNE?qs=yOVawPpwOwmTXAd4dJtNjA%3D%3D"; VariantName = "[No Variations]"
Added Component: Designator=Ñ17(CAPC2012X145N)
Add component (AddParameter): Name = "Arrow Part Number"; Value = "CL21A106KAYNNNE"; VariantName = "[No Variations]"
Add component (AddParameter): Name = "Arrow Price/Stock"; Value = "https://www.arrow.com/en/products/cl21a106kaynnne/samsung-electro-mechanics?utm_currency=USD&region=nac"; VariantName = "[No Variations]"
Add component (AddParameter): Name = "Datasheet Link"; Value = "https://datasheet.datasheetarchive.com/originals/distributors/Datasheets_SAMA/6a45835c9b7400e9b49c55c38a8ff4a2.pdf"; VariantName = "[No Variations]"
Add component (AddParameter): Name = "Height"; Value = "1.45mm"; VariantName = "[No Variations]"
Add component (AddParameter): Name = "Manufacturer_Name"; Value = "SAMSUNG"; VariantName = "[No Variations]"
Add component (AddParameter): Name = "Manufacturer_Part_Number"; Value = "CL21A106KAYNNNE"; VariantName = "[No Variations]"
Add component (AddParameter): Name = "Mouser Part Number"; Value = "187-CL21A106KAYNNNE"; VariantName = "[No Variations]"
Add component (AddParameter): Name = "Mouser Price/Stock"; Value = "https://www.mouser.co.uk/ProductDetail/Samsung-Electro-Mechanics/CL21A106KAYNNNE?qs=yOVawPpwOwmTXAd4dJtNjA%3D%3D"; VariantName = "[No Variations]"
Added Component: Designator=Ñ18(CAPC2012X145N)
Add component (AddParameter): Name = "Arrow Part Number"; Value = "CL21A106KAYNNNE"; VariantName = "[No Variations]"
Add component (AddParameter): Name = "Arrow Price/Stock"; Value = "https://www.arrow.com/en/products/cl21a106kaynnne/samsung-electro-mechanics?utm_currency=USD&region=nac"; VariantName = "[No Variations]"
Add component (AddParameter): Name = "Datasheet Link"; Value = "https://datasheet.datasheetarchive.com/originals/distributors/Datasheets_SAMA/6a45835c9b7400e9b49c55c38a8ff4a2.pdf"; VariantName = "[No Variations]"
Add component (AddParameter): Name = "Height"; Value = "1.45mm"; VariantName = "[No Variations]"
Add component (AddParameter): Name = "Manufacturer_Name"; Value = "SAMSUNG"; VariantName = "[No Variations]"
Add component (AddParameter): Name = "Manufacturer_Part_Number"; Value = "CL21A106KAYNNNE"; VariantName = "[No Variations]"
Add component (AddParameter): Name = "Mouser Part Number"; Value = "187-CL21A106KAYNNNE"; VariantName = "[No Variations]"
Add component (AddParameter): Name = "Mouser Price/Stock"; Value = "https://www.mouser.co.uk/ProductDetail/Samsung-Electro-Mechanics/CL21A106KAYNNNE?qs=yOVawPpwOwmTXAd4dJtNjA%3D%3D"; VariantName = "[No Variations]"
Added Pin To Net: NetName=3.3V Pin=C1-1
Added Pin To Net: NetName=GND Pin=C1-2
Added Pin To Net: NetName=GND Pin=C1_A_U1-1
Added Pin To Net: NetName=8.4V Pin=C1_A_U1-2
Added Pin To Net: NetName=GND Pin=C1_A_U2-1
Added Pin To Net: NetName=8.4V Pin=C1_A_U2-2
Added Pin To Net: NetName=GND Pin=C1_U1-1
Added Pin To Net: NetName=8.4V Pin=C1_U1-2
Added Pin To Net: NetName=GND Pin=C1_U2-1
Added Pin To Net: NetName=8.4V Pin=C1_U2-2
Added Pin To Net: NetName=3.3V Pin=C2-1
Added Pin To Net: NetName=GND Pin=C2-2
Added Pin To Net: NetName=GND Pin=C2_U1-1
Added Pin To Net: NetName=5V Pin=C2_U1-2
Added Pin To Net: NetName=GND Pin=C2_U2-1
Added Pin To Net: NetName=3.3V Pin=C2_U2-2
Added Pin To Net: NetName=GND Pin=C2A_U1-1
Added Pin To Net: NetName=5V Pin=C2A_U1-2
Added Pin To Net: NetName=GND Pin=C2A_U2-1
Added Pin To Net: NetName=3.3V Pin=C2A_U2-2
Added Pin To Net: NetName=3.3V Pin=C3-1
Added Pin To Net: NetName=GND Pin=C3-2
Added Pin To Net: NetName=5V Pin=C3_U1-2
Added Pin To Net: NetName=3.3V Pin=C3_U2-2
Added Pin To Net: NetName=3.3V Pin=C4-1
Added Pin To Net: NetName=GND Pin=C4-2
Added Pin To Net: NetName=GND Pin=C4_U1-2
Added Pin To Net: NetName=GND Pin=C4_U2-2
Added Pin To Net: NetName=3.3V Pin=C5-1
Added Pin To Net: NetName=GND Pin=C5-2
Added Pin To Net: NetName=3.3V Pin=C6-1
Added Pin To Net: NetName=GND Pin=C6-2
Added Pin To Net: NetName=GND Pin=C6_U1-2
Added Pin To Net: NetName=GND Pin=C6_U2-2
Added Pin To Net: NetName=5V Pin=C8-1
Added Pin To Net: NetName=GND Pin=C8-2
Added Pin To Net: NetName=GND Pin=C8_U1-1
Added Pin To Net: NetName=8.4V Pin=C8_U1-2
Added Pin To Net: NetName=GND Pin=C8_U2-1
Added Pin To Net: NetName=8.4V Pin=C8_U2-2
Added Pin To Net: NetName=5V Pin=C9-1
Added Pin To Net: NetName=GND Pin=C9-2
Added Pin To Net: NetName=8.4V Pin=C11-1
Added Pin To Net: NetName=GND Pin=C11-2
Added Pin To Net: NetName=3.3V Pin=C12-1
Added Pin To Net: NetName=GND Pin=C12-2
Added Pin To Net: NetName=3.3V Pin=C13-1
Added Pin To Net: NetName=GND Pin=C13-2
Added Pin To Net: NetName=8.4V Pin=C14-1
Added Pin To Net: NetName=GND Pin=C14-2
Added Pin To Net: NetName=5V Pin=C19-1
Added Pin To Net: NetName=GND Pin=C19-2
Add Pin To Net: Unknown Pin: Pin D1-1
Add Pin To Net: Unknown Pin: Pin D1-2
Add Pin To Net: Unknown Pin: Pin D2-1
Add Pin To Net: Unknown Pin: Pin D2-2
Added Pin To Net: NetName=NetDD1_7 Pin=DD1-7
Added Pin To Net: NetName=GND Pin=DD1-12
Added Pin To Net: NetName=3.3V Pin=DD1-13
Added Pin To Net: NetName=PWM0 Pin=DD1-14
Added Pin To Net: NetName=PWM1 Pin=DD1-15
Added Pin To Net: NetName=PWM2 Pin=DD1-16
Added Pin To Net: NetName=PWM3 Pin=DD1-17
Added Pin To Net: NetName=GND Pin=DD1-18
Added Pin To Net: NetName=3.3V Pin=DD1-19
Added Pin To Net: NetName=GND Pin=DD1-31
Added Pin To Net: NetName=3.3V Pin=DD1-32
Added Pin To Net: NetName=NetDD1_41 Pin=DD1-41
Added Pin To Net: NetName=NetDD1_42 Pin=DD1-42
Added Pin To Net: NetName=NetDD1_46 Pin=DD1-46
Added Pin To Net: NetName=GND Pin=DD1-47
Added Pin To Net: NetName=3.3V Pin=DD1-48
Added Pin To Net: NetName=NetDD1_49 Pin=DD1-49
Added Pin To Net: NetName=NetDD1_60 Pin=DD1-60
Added Pin To Net: NetName=GND Pin=DD1-63
Added Pin To Net: NetName=3.3V Pin=DD1-64
Add Pin To Net: Unknown Pin: Pin DD2-3.3V
Add Pin To Net: Unknown Pin: Pin DD2-GND
Add Pin To Net: Unknown Pin: Pin DD2-GPIO20
Add Pin To Net: Unknown Pin: Pin DD2-GPIO21
Add Pin To Net: Unknown Pin: Pin DD3-1
Add Pin To Net: Unknown Pin: Pin DD3-2
Add Pin To Net: Unknown Pin: Pin DD3-3
Add Pin To Net: Unknown Pin: Pin DD3-4
Add Pin To Net: Unknown Pin: Pin DD3-5
Add Pin To Net: Unknown Pin: Pin DD3-6
Add Pin To Net: Unknown Pin: Pin DD3-7
Add Pin To Net: Unknown Pin: Pin DD3-8
Add Pin To Net: Unknown Pin: Pin DD3-9
Added Pin To Net: NetName=NetF1_1 Pin=F1-1
Added Pin To Net: NetName=NetF1_2 Pin=F1-2
Add Pin To Net: Unknown Pin: Pin GB1-1
Add Pin To Net: Unknown Pin: Pin GB1-2
Added Pin To Net: NetName=5V Pin=L1_U1-2
Added Pin To Net: NetName=3.3V Pin=L1_U2-2
Add Pin To Net: Unknown Pin: Pin M1-1
Add Pin To Net: Unknown Pin: Pin M1-2
Added Pin To Net: NetName=GND Pin=R1-1
Added Pin To Net: NetName=NetR1_2 Pin=R1-2
Added Pin To Net: NetName=5V Pin=R1_U1-2
Added Pin To Net: NetName=3.3V Pin=R1_U2-2
Added Pin To Net: NetName=NetR1_2 Pin=R2-1
Added Pin To Net: NetName=NetF1_2 Pin=R2-2
Added Pin To Net: NetName=GND Pin=R2_U1-2
Added Pin To Net: NetName=GND Pin=R2_U2-2
Added Pin To Net: NetName=3.3V Pin=R3-1
Added Pin To Net: NetName=NetDD1_7 Pin=R3-2
Added Pin To Net: NetName=GND Pin=R4-1
Added Pin To Net: NetName=NetDD1_60 Pin=R4-2
Added Pin To Net: NetName=GND Pin=R4_U1-2
Added Pin To Net: NetName=GND Pin=R4_U2-2
Added Pin To Net: NetName=GND Pin=R5-1
Added Pin To Net: NetName=NetDD3_4 Pin=R5-2
Added Pin To Net: NetName=8.4V Pin=R6_U1-1
Added Pin To Net: NetName=8.4V Pin=R6_U2-1
Added Pin To Net: NetName=GND Pin=R7_U1-2
Added Pin To Net: NetName=GND Pin=R7_U2-2
Add Pin To Net: Unknown Pin: Pin S1-1
Add Pin To Net: Unknown Pin: Pin S1-2
Add Pin To Net: Unknown Pin: Pin S1-3
Add Pin To Net: Unknown Pin: Pin S2-1
Add Pin To Net: Unknown Pin: Pin S2-2
Add Pin To Net: Unknown Pin: Pin S2-3
Add Pin To Net: Unknown Pin: Pin U?_U1-2
Add Pin To Net: Unknown Pin: Pin U?_U1-4
Add Pin To Net: Unknown Pin: Pin U?_U2-2
Add Pin To Net: Unknown Pin: Pin U?_U2-4
Added Pin To Net: NetName=NetR1_2 Pin=VT1-1
Added Pin To Net: NetName=8.4V Pin=VT1-2
Added Pin To Net: NetName=NetF1_2 Pin=VT1-3
Add Pin To Net: Unknown Pin: Pin XP1-3.3V
Add Pin To Net: Unknown Pin: Pin XP1-GND
Add Pin To Net: Unknown Pin: Pin XP1-SWCLK
Add Pin To Net: Unknown Pin: Pin XP1-SWDIO
Add Pin To Net: Unknown Pin: Pin XP2-1
Add Pin To Net: Unknown Pin: Pin XP2-2
Add Pin To Net: Unknown Pin: Pin XP3-1
Add Pin To Net: Unknown Pin: Pin XP3-2
Add Pin To Net: Unknown Pin: Pin XP3-3
Add Pin To Net: Unknown Pin: Pin XP4-1
Add Pin To Net: Unknown Pin: Pin XP4-2
Add Pin To Net: Unknown Pin: Pin XP5-1
Add Pin To Net: Unknown Pin: Pin XP5-2
Add Pin To Net: Unknown Pin: Pin XP5-3
Added Pin To Net: NetName=8.4V Pin=Ñ7-1
Added Pin To Net: NetName=GND Pin=Ñ7-2
Added Pin To Net: NetName=GND Pin=Ñ10-1
Added Pin To Net: NetName=NetDD1_7 Pin=Ñ10-2
Added Pin To Net: NetName=8.4V Pin=Ñ15-1
Added Pin To Net: NetName=GND Pin=Ñ15-2
Added Pin To Net: NetName=8.4V Pin=Ñ16-1
Added Pin To Net: NetName=GND Pin=Ñ16-2
Added Pin To Net: NetName=5V Pin=Ñ17-1
Added Pin To Net: NetName=GND Pin=Ñ17-2
Added Pin To Net: NetName=5V Pin=Ñ18-1
Added Pin To Net: NetName=GND Pin=Ñ18-2
Added Pin To Net: NetName=NetC3_U1_1 Pin=C3_U1-1
Added Pin To Net: NetName=NetC3_U1_1 Pin=R3_U1-2
Added Net: Name=NetC3_U1_1
Added Pin To Net: NetName=NetC3_U2_1 Pin=C3_U2-1
Added Pin To Net: NetName=NetC3_U2_1 Pin=R3_U2-2
Added Net: Name=NetC3_U2_1
Added Pin To Net: NetName=NetC4_U1_1 Pin=C4_U1-1
Added Pin To Net: NetName=NetC4_U1_1 Pin=R8_U1-1
Added Net: Name=NetC4_U1_1
Added Pin To Net: NetName=NetC4_U2_1 Pin=C4_U2-1
Added Pin To Net: NetName=NetC4_U2_1 Pin=R8_U2-1
Added Net: Name=NetC4_U2_1
Added Pin To Net: NetName=NetC5_U1_1 Pin=C5_U1-1
Added Pin To Net: NetName=NetC5_U1_1 Pin=L1_U1-1
Added Net: Name=NetC5_U1_1
Added Pin To Net: NetName=NetC5_U1_2 Pin=C5_U1-2
Added Pin To Net: NetName=NetC5_U1_2 Pin=R5_U1-2
Added Net: Name=NetC5_U1_2
Added Pin To Net: NetName=NetC5_U2_1 Pin=C5_U2-1
Added Pin To Net: NetName=NetC5_U2_1 Pin=L1_U2-1
Added Net: Name=NetC5_U2_1
Added Pin To Net: NetName=NetC5_U2_2 Pin=C5_U2-2
Added Pin To Net: NetName=NetC5_U2_2 Pin=R5_U2-2
Added Net: Name=NetC5_U2_2
Added Pin To Net: NetName=NetC6_U1_1 Pin=C6_U1-1
Added Pin To Net: NetName=NetC6_U1_1 Pin=R4_U1-1
Added Pin To Net: NetName=NetC6_U1_1 Pin=R8_U1-2
Added Net: Name=NetC6_U1_1
Added Pin To Net: NetName=NetC6_U2_1 Pin=C6_U2-1
Added Pin To Net: NetName=NetC6_U2_1 Pin=R4_U2-1
Added Pin To Net: NetName=NetC6_U2_1 Pin=R8_U2-2
Added Net: Name=NetC6_U2_1
Added Pin To Net: NetName=NetR1_U1_1 Pin=R1_U1-1
Added Pin To Net: NetName=NetR1_U1_1 Pin=R2_U1-1
Added Pin To Net: NetName=NetR1_U1_1 Pin=R3_U1-1
Added Pin To Net: NetName=NetR1_U1_1 Pin=R9_U1-1
Added Net: Name=NetR1_U1_1
Added Pin To Net: NetName=NetR1_U2_1 Pin=R1_U2-1
Added Pin To Net: NetName=NetR1_U2_1 Pin=R2_U2-1
Added Pin To Net: NetName=NetR1_U2_1 Pin=R3_U2-1
Added Pin To Net: NetName=NetR1_U2_1 Pin=R9_U2-1
Added Net: Name=NetR1_U2_1
Added Pin To Net: NetName=NetR5_U1_1 Pin=R5_U1-1
Added Net: Name=NetR5_U1_1
Added Pin To Net: NetName=NetR5_U2_1 Pin=R5_U2-1
Added Net: Name=NetR5_U2_1
Added Pin To Net: NetName=NetR6_U1_2 Pin=R6_U1-2
Added Pin To Net: NetName=NetR6_U1_2 Pin=R7_U1-1
Added Net: Name=NetR6_U1_2
Added Pin To Net: NetName=NetR6_U2_2 Pin=R6_U2-2
Added Pin To Net: NetName=NetR6_U2_2 Pin=R7_U2-1
Added Net: Name=NetR6_U2_2
Added Pin To Net: NetName=NetR9_U1_2 Pin=R9_U1-2
Added Net: Name=NetR9_U1_2
Added Pin To Net: NetName=NetR9_U2_2 Pin=R9_U2-2
Added Net: Name=NetR9_U2_2
Added Member To Class: ClassName=U1 Member=Component C1_A_U1 (C1_A) NS
Added Member To Class: ClassName=U2 Member=Component C1_A_U2 (C1_A) NS
Added Member To Class: ClassName=U1 Member=Component C1_U1 (C1) 22µF
Added Member To Class: ClassName=U2 Member=Component C1_U2 (C1) 22µF
Added Member To Class: ClassName=Car Member=Component C1 10µF
Added Member To Class: ClassName=U1 Member=Component C2_U1 (C2) 22µF
Added Member To Class: ClassName=U2 Member=Component C2_U2 (C2) 22µF
Added Member To Class: ClassName=U1 Member=Component C2A_U1 (C2A) 22µF
Added Member To Class: ClassName=U2 Member=Component C2A_U2 (C2A) 22µF
Added Member To Class: ClassName=Car Member=Component C2 0.1µF
Added Member To Class: ClassName=U1 Member=Component C3_U1 (C3) 33pF
Added Member To Class: ClassName=U2 Member=Component C3_U2 (C3) 33pF
Added Member To Class: ClassName=Car Member=Component C3 0.1µF
Added Member To Class: ClassName=U1 Member=Component C4_U1 (C4) 0.1µF
Added Member To Class: ClassName=U2 Member=Component C4_U2 (C4) 0.1µF
Added Member To Class: ClassName=Car Member=Component C4 0.1µF
Added Member To Class: ClassName=U1 Member=Component C5_U1 (C5) 0.1µF
Added Member To Class: ClassName=U2 Member=Component C5_U2 (C5) 0.1µF
Added Member To Class: ClassName=Car Member=Component C5 0.1µF
Added Member To Class: ClassName=U1 Member=Component C6_U1 (C6) 1nF
Added Member To Class: ClassName=U2 Member=Component C6_U2 (C6) 1nF
Added Member To Class: ClassName=Car Member=Component C6 0.1µF
Added Member To Class: ClassName=U1 Member=Component C8_U1 (C8) 0.1µF
Added Member To Class: ClassName=U2 Member=Component C8_U2 (C8) 0.1µF
Added Member To Class: ClassName=Car Member=Component C8 100µF
Added Member To Class: ClassName=Car Member=Component C9 0.1µF
Added Member To Class: ClassName=Car Member=Component C11 10µF
Added Member To Class: ClassName=Car Member=Component C12 100µF
Added Member To Class: ClassName=Car Member=Component C13 0.1µF
Added Member To Class: ClassName=Car Member=Component C14 100µF
Added Member To Class: ClassName=Car Member=Component C19 470µF
Add Class Member: Failed to add class member : Component D1 SMAJ10A
Add Class Member: Failed to add class member : Component D2 SMAJ5.0AQ-13-F
Added Member To Class: ClassName=Car Member=Component DD1
Add Class Member: Failed to add class member : Component DD2
Add Class Member: Failed to add class member : Component DD3
Added Member To Class: ClassName=Car Member=Component F1 Schurter  USI 8053370874 I = 4A, U = 32V
Add Class Member: Failed to add class member : Component GB1 Constant Voltage Source
Added Member To Class: ClassName=U1 Member=Component L1_U1 (L1) 5.5µH
Added Member To Class: ClassName=U2 Member=Component L1_U2 (L1) 5.5µH
Add Class Member: Failed to add class member : Component M1
Added Member To Class: ClassName=U1 Member=Component R1_U1 (R1) 40.2k
Added Member To Class: ClassName=U2 Member=Component R1_U2 (R1) 40.2k
Added Member To Class: ClassName=Car Member=Component R1 1M
Added Member To Class: ClassName=U1 Member=Component R2_U1 (R2) 7.5k
Added Member To Class: ClassName=U2 Member=Component R2_U2 (R2) 12.7k
Added Member To Class: ClassName=Car Member=Component R2 1M
Added Member To Class: ClassName=U1 Member=Component R3_U1 (R3) 0
Added Member To Class: ClassName=U2 Member=Component R3_U2 (R3) 0
Added Member To Class: ClassName=Car Member=Component R3 10k
Added Member To Class: ClassName=U1 Member=Component R4_U1 (R4) 75k
Added Member To Class: ClassName=U2 Member=Component R4_U2 (R4) 64.9k
Added Member To Class: ClassName=Car Member=Component R4 10k
Added Member To Class: ClassName=U1 Member=Component R5_U1 (R5) 20
Added Member To Class: ClassName=U2 Member=Component R5_U2 (R5) 20
Added Member To Class: ClassName=Car Member=Component R5 30k
Added Member To Class: ClassName=U1 Member=Component R6_U1 (R6) 100k
Added Member To Class: ClassName=U2 Member=Component R6_U2 (R6) 100k
Added Member To Class: ClassName=U1 Member=Component R7_U1 (R7) NS
Added Member To Class: ClassName=U2 Member=Component R7_U2 (R7) NS
Added Member To Class: ClassName=U1 Member=Component R8_U1 (R8) DNP
Added Member To Class: ClassName=U2 Member=Component R8_U2 (R8) DNP
Added Member To Class: ClassName=U1 Member=Component R9_U1 (R9) 20k
Added Member To Class: ClassName=U2 Member=Component R9_U2 (R9) 33k
Add Class Member: Failed to add class member : Component S1 SG90
Add Class Member: Failed to add class member : Component S2 SG90
Added Member To Class: ClassName=U2 Member=Component U?_U2 (U?) MP2315
Added Member To Class: ClassName=Car Member=Component VT1 IRLML6401
Add Class Member: Failed to add class member : Component XP1 ST-LINK
Add Class Member: Failed to add class member : Component XP2
Add Class Member: Failed to add class member : Component XP3
Add Class Member: Failed to add class member : Component XP4
Add Class Member: Failed to add class member : Component XP5
Added Member To Class: ClassName=Car Member=Component Ñ7 10µF
Added Member To Class: ClassName=Car Member=Component Ñ10 0.1µF
Added Member To Class: ClassName=Car Member=Component Ñ15 100µF
Added Member To Class: ClassName=Car Member=Component Ñ16 0.1µF
Added Member To Class: ClassName=Car Member=Component Ñ17 0.1µF
Added Member To Class: ClassName=Car Member=Component Ñ18 0.1µF
