Add Pin To Net: Unknown Pin: Pin GB1-1
Add Pin To Net: Unknown Pin: Pin GB1-2
Add Pin To Net: Unknown Pin: Pin M1-1
Add Pin To Net: Unknown Pin: Pin M1-2
Add Pin To Net: Unknown Pin: Pin S1-1
Add Pin To Net: Unknown Pin: Pin S1-2
Add Pin To Net: Unknown Pin: Pin S1-3
Add Pin To Net: Unknown Pin: Pin S2-1
Add Pin To Net: Unknown Pin: Pin S2-2
Add Pin To Net: Unknown Pin: Pin S2-3
Add Pin To Net: Unknown Pin: Pin U?_U1-1
Add Pin To Net: Unknown Pin: Pin U?_U1-2
Add Pin To Net: Unknown Pin: Pin U?_U1-3
Add Pin To Net: Unknown Pin: Pin U?_U1-4
Add Pin To Net: Unknown Pin: Pin U?_U1-5
Add Pin To Net: Unknown Pin: Pin U?_U1-6
Add Pin To Net: Unknown Pin: Pin U?_U1-7
Add Pin To Net: Unknown Pin: Pin U?_U1-8
Add Pin To Net: Unknown Pin: Pin U?_U2-1
Add Pin To Net: Unknown Pin: Pin U?_U2-2
Add Pin To Net: Unknown Pin: Pin U?_U2-3
Add Pin To Net: Unknown Pin: Pin U?_U2-4
Add Pin To Net: Unknown Pin: Pin U?_U2-5
Add Pin To Net: Unknown Pin: Pin U?_U2-6
Add Pin To Net: Unknown Pin: Pin U?_U2-7
Add Pin To Net: Unknown Pin: Pin U?_U2-8
Added Pin To Net: NetName=NetF1_1 Pin=XP2-1
Added Pin To Net: NetName=GND Pin=XP2-2
Added Pin To Net: NetName=5V Pin=XP3-1
Added Pin To Net: NetName=PWM0 Pin=XP3-2
Added Pin To Net: NetName=GND Pin=XP3-3
Added Pin To Net: NetName=NetDD3_6 Pin=XP4-1
Added Pin To Net: NetName=NetDD3_8 Pin=XP4-2
Added Pin To Net: NetName=5V Pin=XP5-1
Added Pin To Net: NetName=PWM1 Pin=XP5-2
Added Pin To Net: NetName=GND Pin=XP5-3
