Add Pin To Net: Unknown Pin: Pin GB1-1
Add Pin To Net: Unknown Pin: Pin GB1-2
Add Pin To Net: Unknown Pin: Pin M1-1
Add Pin To Net: Unknown Pin: Pin M1-2
Add Pin To Net: Unknown Pin: Pin S1-1
Add Pin To Net: Unknown Pin: Pin S1-2
Add Pin To Net: Unknown Pin: Pin S1-3
Add Pin To Net: Unknown Pin: Pin S2-1
Add Pin To Net: Unknown Pin: Pin S2-2
Add Pin To Net: Unknown Pin: Pin S2-3
Add Pin To Net: Unknown Pin: Pin U?_U1-1
Add Pin To Net: Unknown Pin: Pin U?_U1-2
Add Pin To Net: Unknown Pin: Pin U?_U1-3
Add Pin To Net: Unknown Pin: Pin U?_U1-4
Add Pin To Net: Unknown Pin: Pin U?_U1-5
Add Pin To Net: Unknown Pin: Pin U?_U1-6
Add Pin To Net: Unknown Pin: Pin U?_U1-7
Add Pin To Net: Unknown Pin: Pin U?_U1-8
Add Pin To Net: Unknown Pin: Pin U?_U2-1
Add Pin To Net: Unknown Pin: Pin U?_U2-2
Add Pin To Net: Unknown Pin: Pin U?_U2-3
Add Pin To Net: Unknown Pin: Pin U?_U2-4
Add Pin To Net: Unknown Pin: Pin U?_U2-5
Add Pin To Net: Unknown Pin: Pin U?_U2-6
Add Pin To Net: Unknown Pin: Pin U?_U2-7
Add Pin To Net: Unknown Pin: Pin U?_U2-8
Add Pin To Net: Unknown Pin: Pin XP2-1
Add Pin To Net: Unknown Pin: Pin XP2-2
Add Pin To Net: Unknown Pin: Pin XP3-1
Add Pin To Net: Unknown Pin: Pin XP3-2
Add Pin To Net: Unknown Pin: Pin XP3-3
Add Pin To Net: Unknown Pin: Pin XP4-1
Add Pin To Net: Unknown Pin: Pin XP4-2
Add Pin To Net: Unknown Pin: Pin XP5-1
Add Pin To Net: Unknown Pin: Pin XP5-2
Add Pin To Net: Unknown Pin: Pin XP5-3
